// Jest Snapshot v1, https://goo.gl/fbAQLP

exports[`factory-compiler should compile 1`] = `undefined`;
